
════════════════════════════════════════════════════════════════════════════════
STEP 1 - Request received
  full_name: Test User
  email: test5@example.com
  role: USER

STEP 2 - Pydantic validation passed
  Payload is valid UserCreate instance

STEP 3 - Email uniqueness check
  Existing user found: False

STEP 4 - Password hashing

════════════════════════════════════════════════════════════════════════════════
REGISTRATION ENDPOINT ERROR
Traceback (most recent call last):
  File "C:\Users\prati\OneDrive\Desktop\DigiPath\auth_routes.py", line 50, in register
    hashed_password = auth_service.get_password_hash(user.password)
  File "C:\Users\prati\OneDrive\Desktop\DigiPath\auth_service.py", line 18, in get_password_hash
    return pwd_context.hash(password)
           ~~~~~~~~~~~~~~~~^^^^^^^^^^
  File "C:\Users\prati\OneDrive\Desktop\DigiPath\.venv\Lib\site-packages\passlib\context.py", line 2258, in hash
    return record.hash(secret, **kwds)
           ~~~~~~~~~~~^^^^^^^^^^^^^^^^
  File "C:\Users\prati\OneDrive\Desktop\DigiPath\.venv\Lib\site-packages\passlib\utils\handlers.py", line 779, in hash
    self.checksum = self._calc_checksum(secret)
                    ~~~~~~~~~~~~~~~~~~~^^^^^^^^
  File "C:\Users\prati\OneDrive\Desktop\DigiPath\.venv\Lib\site-packages\passlib\handlers\bcrypt.py", line 591, in _calc_checksum
    self._stub_requires_backend()
    ~~~~~~~~~~~~~~~~~~~~~~~~~~~^^
  File "C:\Users\prati\OneDrive\Desktop\DigiPath\.venv\Lib\site-packages\passlib\utils\handlers.py", line 2254, in _stub_requires_backend
    cls.set_backend()
    ~~~~~~~~~~~~~~~^^
  File "C:\Users\prati\OneDrive\Desktop\DigiPath\.venv\Lib\site-packages\passlib\utils\handlers.py", line 2156, in set_backend
    return owner.set_backend(name, dryrun=dryrun)
           ~~~~~~~~~~~~~~~~~^^^^^^^^^^^^^^^^^^^^^
  File "C:\Users\prati\OneDrive\Desktop\DigiPath\.venv\Lib\site-packages\passlib\utils\handlers.py", line 2163, in set_backend
    return cls.set_backend(name, dryrun=dryrun)
           ~~~~~~~~~~~~~~~^^^^^^^^^^^^^^^^^^^^^
  File "C:\Users\prati\OneDrive\Desktop\DigiPath\.venv\Lib\site-packages\passlib\utils\handlers.py", line 2188, in set_backend
    cls._set_backend(name, dryrun)
    ~~~~~~~~~~~~~~~~^^^^^^^^^^^^^^
  File "C:\Users\prati\OneDrive\Desktop\DigiPath\.venv\Lib\site-packages\passlib\utils\handlers.py", line 2311, in _set_backend
    super(SubclassBackendMixin, cls)._set_backend(name, dryrun)
    ~~~~~~~~~~~~~~~~~~~~~~~~~~~~~~~~~~~~~~~~~~~~~^^^^^^^^^^^^^^
  File "C:\Users\prati\OneDrive\Desktop\DigiPath\.venv\Lib\site-packages\passlib\utils\handlers.py", line 2224, in _set_backend
    ok = loader(**kwds)
  File "C:\Users\prati\OneDrive\Desktop\DigiPath\.venv\Lib\site-packages\passlib\handlers\bcrypt.py", line 626, in _load_backend_mixin
    return mixin_cls._finalize_backend_mixin(name, dryrun)
           ~~~~~~~~~~~~~~~~~~~~~~~~~~~~~~~~~^^^^^^^^^^^^^^
  File "C:\Users\prati\OneDrive\Desktop\DigiPath\.venv\Lib\site-packages\passlib\handlers\bcrypt.py", line 421, in _finalize_backend_mixin
    if detect_wrap_bug(IDENT_2A):
       ~~~~~~~~~~~~~~~^^^^^^^^^^
  File "C:\Users\prati\OneDrive\Desktop\DigiPath\.venv\Lib\site-packages\passlib\handlers\bcrypt.py", line 380, in detect_wrap_bug
    if verify(secret, bug_hash):
       ~~~~~~^^^^^^^^^^^^^^^^^^
  File "C:\Users\prati\OneDrive\Desktop\DigiPath\.venv\Lib\site-packages\passlib\utils\handlers.py", line 792, in verify
    return consteq(self._calc_checksum(secret), chk)
                   ~~~~~~~~~~~~~~~~~~~^^^^^^^^
  File "C:\Users\prati\OneDrive\Desktop\DigiPath\.venv\Lib\site-packages\passlib\handlers\bcrypt.py", line 655, in _calc_checksum
    hash = _bcrypt.hashpw(secret, config)
ValueError: password cannot be longer than 72 bytes, truncate manually if necessary (e.g. my_password[:72])
════════════════════════════════════════════════════════════════════════════════


════════════════════════════════════════════════════════════════════════════════
STEP 1 - Request received
  full_name: Test User
  email: test5@example.com
  role: USER

STEP 2 - Pydantic validation passed
  Payload is valid UserCreate instance

STEP 3 - Email uniqueness check
  Existing user found: False

STEP 4 - Password hashing

════════════════════════════════════════════════════════════════════════════════
REGISTRATION ENDPOINT ERROR
Traceback (most recent call last):
  File "C:\Users\prati\OneDrive\Desktop\DigiPath\auth_routes.py", line 50, in register
    hashed_password = auth_service.get_password_hash(user.password)
  File "C:\Users\prati\OneDrive\Desktop\DigiPath\auth_service.py", line 22, in get_password_hash
    return pwd_context.hash(password)
           ~~~~~~~~~~~~~~~~^^^^^^^^^^
  File "C:\Users\prati\OneDrive\Desktop\DigiPath\.venv\Lib\site-packages\passlib\context.py", line 2258, in hash
    return record.hash(secret, **kwds)
           ~~~~~~~~~~~^^^^^^^^^^^^^^^^
  File "C:\Users\prati\OneDrive\Desktop\DigiPath\.venv\Lib\site-packages\passlib\utils\handlers.py", line 779, in hash
    self.checksum = self._calc_checksum(secret)
                    ~~~~~~~~~~~~~~~~~~~^^^^^^^^
  File "C:\Users\prati\OneDrive\Desktop\DigiPath\.venv\Lib\site-packages\passlib\handlers\bcrypt.py", line 591, in _calc_checksum
    self._stub_requires_backend()
    ~~~~~~~~~~~~~~~~~~~~~~~~~~~^^
  File "C:\Users\prati\OneDrive\Desktop\DigiPath\.venv\Lib\site-packages\passlib\utils\handlers.py", line 2254, in _stub_requires_backend
    cls.set_backend()
    ~~~~~~~~~~~~~~~^^
  File "C:\Users\prati\OneDrive\Desktop\DigiPath\.venv\Lib\site-packages\passlib\utils\handlers.py", line 2156, in set_backend
    return owner.set_backend(name, dryrun=dryrun)
           ~~~~~~~~~~~~~~~~~^^^^^^^^^^^^^^^^^^^^^
  File "C:\Users\prati\OneDrive\Desktop\DigiPath\.venv\Lib\site-packages\passlib\utils\handlers.py", line 2163, in set_backend
    return cls.set_backend(name, dryrun=dryrun)
           ~~~~~~~~~~~~~~~^^^^^^^^^^^^^^^^^^^^^
  File "C:\Users\prati\OneDrive\Desktop\DigiPath\.venv\Lib\site-packages\passlib\utils\handlers.py", line 2188, in set_backend
    cls._set_backend(name, dryrun)
    ~~~~~~~~~~~~~~~~^^^^^^^^^^^^^^
  File "C:\Users\prati\OneDrive\Desktop\DigiPath\.venv\Lib\site-packages\passlib\utils\handlers.py", line 2311, in _set_backend
    super(SubclassBackendMixin, cls)._set_backend(name, dryrun)
    ~~~~~~~~~~~~~~~~~~~~~~~~~~~~~~~~~~~~~~~~~~~~~^^^^^^^^^^^^^^
  File "C:\Users\prati\OneDrive\Desktop\DigiPath\.venv\Lib\site-packages\passlib\utils\handlers.py", line 2224, in _set_backend
    ok = loader(**kwds)
  File "C:\Users\prati\OneDrive\Desktop\DigiPath\.venv\Lib\site-packages\passlib\handlers\bcrypt.py", line 626, in _load_backend_mixin
    return mixin_cls._finalize_backend_mixin(name, dryrun)
           ~~~~~~~~~~~~~~~~~~~~~~~~~~~~~~~~~^^^^^^^^^^^^^^
  File "C:\Users\prati\OneDrive\Desktop\DigiPath\.venv\Lib\site-packages\passlib\handlers\bcrypt.py", line 421, in _finalize_backend_mixin
    if detect_wrap_bug(IDENT_2A):
       ~~~~~~~~~~~~~~~^^^^^^^^^^
  File "C:\Users\prati\OneDrive\Desktop\DigiPath\.venv\Lib\site-packages\passlib\handlers\bcrypt.py", line 380, in detect_wrap_bug
    if verify(secret, bug_hash):
       ~~~~~~^^^^^^^^^^^^^^^^^^
  File "C:\Users\prati\OneDrive\Desktop\DigiPath\.venv\Lib\site-packages\passlib\utils\handlers.py", line 792, in verify
    return consteq(self._calc_checksum(secret), chk)
                   ~~~~~~~~~~~~~~~~~~~^^^^^^^^
  File "C:\Users\prati\OneDrive\Desktop\DigiPath\.venv\Lib\site-packages\passlib\handlers\bcrypt.py", line 655, in _calc_checksum
    hash = _bcrypt.hashpw(secret, config)
ValueError: password cannot be longer than 72 bytes, truncate manually if necessary (e.g. my_password[:72])
════════════════════════════════════════════════════════════════════════════════


════════════════════════════════════════════════════════════════════════════════
STEP 1 - Request received
  full_name: Test User
  email: test5@example.com
  role: USER

STEP 2 - Pydantic validation passed
  Payload is valid UserCreate instance

STEP 3 - Email uniqueness check
  Existing user found: False

STEP 4 - Password hashing
  Password hashed successfully (length: 97)

STEP 5 - User model creation
  User model created: <models.User object at 0x0000028E67E7CEC0>
  User attributes: id=None, email=test5@example.com, role=USER

STEP 6 - Database commit
  User added to session
  Database commit successful

STEP 7 - Response generation
  User refreshed: id=1
════════════════════════════════════════════════════════════════════════════════


════════════════════════════════════════════════════════════════════════════════
STEP 1 - Request received
  full_name: Alice Smith
  email: alice@test.com
  role: USER

STEP 2 - Pydantic validation passed
  Payload is valid UserCreate instance

STEP 3 - Email uniqueness check
  Existing user found: False

STEP 4 - Password hashing
  Password hashed successfully (length: 97)

STEP 5 - User model creation
  User model created: <models.User object at 0x0000028E67DFFED0>
  User attributes: id=None, email=alice@test.com, role=USER

STEP 6 - Database commit
  User added to session
  Database commit successful

STEP 7 - Response generation
  User refreshed: id=2
════════════════════════════════════════════════════════════════════════════════

